C51 COMPILER V9.56.0.0   DELAY                                                             05/09/2021 16:30:39 PAGE 1   


C51 COMPILER V9.56.0.0, COMPILATION OF MODULE DELAY
OBJECT MODULE PLACED IN .\Objects\delay.obj
COMPILER INVOKED BY: E:\keil5_C51\C51\BIN\C51.EXE delay.c OPTIMIZE(8,SPEED) BROWSE INCDIR(..\code) DEBUG OBJECTEXTEND PR
                    -INT(.\Listings\delay.lst) TABS(2) OBJECT(.\Objects\delay.obj)

line level    source

   1          #include <reg51.h>
   2          /*
   3          延时函数，适用于12M晶振下，含调用时间
   4          */
   5          
   6          void delay2us(void)   //误差 0us
   7          {
   8   1      }
   9          
  10          void delay1ms(void)   //误差 0us
  11          {
  12   1          unsigned char a,b,c;
  13   1          for(c=1;c>0;c--)
  14   1              for(b=142;b>0;b--)
  15   1                  for(a=2;a>0;a--);
  16   1      }
  17          
  18          void delay_ms(unsigned char x)
  19          {
  20   1        while(x--)
  21   1        {
  22   2        delay1ms();
  23   2        }
  24   1      
  25   1      }


MODULE INFORMATION:   STATIC OVERLAYABLE
   CODE SIZE        =     28    ----
   CONSTANT SIZE    =   ----    ----
   XDATA SIZE       =   ----    ----
   PDATA SIZE       =   ----    ----
   DATA SIZE        =   ----    ----
   IDATA SIZE       =   ----    ----
   BIT SIZE         =   ----    ----
END OF MODULE INFORMATION.


C51 COMPILATION COMPLETE.  0 WARNING(S),  0 ERROR(S)
